build_output.txt
> adept-frontend@0.0.0 build
> vite build

vite v8.1.5 building client environment for production...
[2K
transforming...✓ 15 modules transformed.
✗ Build failed in 180ms
error during build:
Build failed with 1 error:
[31m[builtin:vite-transform] [0mUnexpected token
 -  in src/App.jsx at 1159..1160

    at aggregateBindingErrorsIntoJsError (file:///workspaces/adept-frontend/node_modules/rolldown/dist/shared/error-BHRSI0R7.mjs:48:18)
    at unwrapBindingResult (file:///workspaces/adept-frontend/node_modules/rolldown/dist/shared/error-BHRSI0R7.mjs:18:128)
    at #build (file:///workspaces/adept-frontend/node_modules/rolldown/dist/shared/rolldown-build-CtPvmZgJ.mjs:3276:34)
    at async buildEnvironment (file:///workspaces/adept-frontend/node_modules/vite/dist/node/chunks/node.js:33061:66)
    at async Object.build (file:///workspaces/adept-frontend/node_modules/vite/dist/node/chunks/node.js:33483:19)
    at async Object.buildApp (file:///workspaces/adept-frontend/node_modules/vite/dist/node/chunks/node.js:33480:153)
    at async CAC.<anonymous> (file:///workspaces/adept-frontend/node_modules/vite/dist/node/cli.js:776:3) {
  errors: [Getter/Setter]
}
